2026-05-06T14:11:20.690+0900 [DEBUG] [org.gradle.launcher.daemon.bootstrap.DaemonMain] Assuming the daemon was started with following jvm opts: [-XX:MaxMetaspaceSize=384m, -XX:+HeapDumpOnOutOfMemoryError, -Xms256m, -Xmx512m, -Dfile.encoding=x-windows-949, -Duser.country=KR, -Duser.language=ko, -Duser.variant]
2026-05-06T14:11:20.945+0900 [DEBUG] [org.gradle.internal.remote.internal.inet.InetAddresses] Adding IP addresses for network interface Software Loopback Interface 1
2026-05-06T14:11:20.951+0900 [DEBUG] [org.gradle.internal.remote.internal.inet.InetAddresses] Is this a loopback interface? true
2026-05-06T14:11:20.953+0900 [DEBUG] [org.gradle.internal.remote.internal.inet.InetAddresses] Adding loopback address /127.0.0.1
2026-05-06T14:11:20.954+0900 [DEBUG] [org.gradle.internal.remote.internal.inet.InetAddresses] Adding loopback address /0:0:0:0:0:0:0:1
2026-05-06T14:11:20.955+0900 [DEBUG] [org.gradle.internal.remote.internal.inet.InetAddresses] Adding IP addresses for network interface Microsoft 6to4 Adapter
2026-05-06T14:11:20.959+0900 [DEBUG] [org.gradle.internal.remote.internal.inet.InetAddresses] Is this a loopback interface? false
2026-05-06T14:11:20.961+0900 [DEBUG] [org.gradle.internal.remote.internal.inet.InetAddresses] Adding IP addresses for network interface WAN Miniport (PPTP)
2026-05-06T14:11:20.968+0900 [DEBUG] [org.gradle.internal.remote.internal.inet.InetAddresses] Is this a loopback interface? false
2026-05-06T14:11:20.968+0900 [DEBUG] [org.gradle.internal.remote.internal.inet.InetAddresses] Adding IP addresses for network interface Intel(R) Wi-Fi 7 BE201 320MHz #2
2026-05-06T14:11:20.972+0900 [DEBUG] [org.gradle.internal.remote.internal.inet.InetAddresses] Is this a loopback interface? false
2026-05-06T14:11:20.974+0900 [DEBUG] [org.gradle.internal.remote.internal.inet.InetAddresses] Adding remote address /fe80:0:0:0:4db4:affc:b149:1e8a%wlan0
2026-05-06T14:11:20.974+0900 [DEBUG] [org.gradle.internal.remote.internal.inet.InetAddresses] Adding IP addresses for network interface Intel(R) Wi-Fi 7 BE201 320MHz #5
2026-05-06T14:11:20.980+0900 [DEBUG] [org.gradle.internal.remote.internal.inet.InetAddresses] Is this a loopback interface? false
2026-05-06T14:11:20.980+0900 [DEBUG] [org.gradle.internal.remote.internal.inet.InetAddresses] Adding remote address /fe80:0:0:0:434:798e:4646:862a%wlan1
2026-05-06T14:11:20.982+0900 [DEBUG] [org.gradle.internal.remote.internal.inet.InetAddresses] Adding IP addresses for network interface Microsoft IP-HTTPS Platform Adapter
2026-05-06T14:11:20.987+0900 [DEBUG] [org.gradle.internal.remote.internal.inet.InetAddresses] Is this a loopback interface? false
2026-05-06T14:11:20.987+0900 [DEBUG] [org.gradle.internal.remote.internal.inet.InetAddresses] Adding IP addresses for network interface Microsoft Kernel Debug Network Adapter
2026-05-06T14:11:20.992+0900 [DEBUG] [org.gradle.internal.remote.internal.inet.InetAddresses] Is this a loopback interface? false
2026-05-06T14:11:20.993+0900 [DEBUG] [org.gradle.internal.remote.internal.inet.InetAddresses] Adding IP addresses for network interface WAN Miniport (SSTP)
2026-05-06T14:11:20.997+0900 [DEBUG] [org.gradle.internal.remote.internal.inet.InetAddresses] Is this a loopback interface? false
2026-05-06T14:11:20.999+0900 [DEBUG] [org.gradle.internal.remote.internal.inet.InetAddresses] Adding IP addresses for network interface Intel(R) Wi-Fi 7 BE201 320MHz
2026-05-06T14:11:21.005+0900 [DEBUG] [org.gradle.internal.remote.internal.inet.InetAddresses] Is this a loopback interface? false
2026-05-06T14:11:21.007+0900 [DEBUG] [org.gradle.internal.remote.internal.inet.InetAddresses] Adding remote address /10.210.43.87
2026-05-06T14:11:21.008+0900 [DEBUG] [org.gradle.internal.remote.internal.inet.InetAddresses] Adding remote address /fe80:0:0:0:9aed:3b38:d7f0:3356%wlan2
2026-05-06T14:11:21.008+0900 [DEBUG] [org.gradle.internal.remote.internal.inet.InetAddresses] Adding IP addresses for network interface WAN Miniport (IP)
2026-05-06T14:11:21.013+0900 [DEBUG] [org.gradle.internal.remote.internal.inet.InetAddresses] Is this a loopback interface? false
2026-05-06T14:11:21.015+0900 [DEBUG] [org.gradle.internal.remote.internal.inet.InetAddresses] Adding IP addresses for network interface Intel(R) Wi-Fi 7 BE201 320MHz #3
2026-05-06T14:11:21.020+0900 [DEBUG] [org.gradle.internal.remote.internal.inet.InetAddresses] Is this a loopback interface? false
2026-05-06T14:11:21.020+0900 [DEBUG] [org.gradle.internal.remote.internal.inet.InetAddresses] Adding IP addresses for network interface Microsoft Teredo Tunneling Adapter
2026-05-06T14:11:21.027+0900 [DEBUG] [org.gradle.internal.remote.internal.inet.InetAddresses] Is this a loopback interface? false
2026-05-06T14:11:21.027+0900 [DEBUG] [org.gradle.internal.remote.internal.inet.InetAddresses] Adding IP addresses for network interface WAN Miniport (IKEv2)
2026-05-06T14:11:21.033+0900 [DEBUG] [org.gradle.internal.remote.internal.inet.InetAddresses] Is this a loopback interface? false
2026-05-06T14:11:21.034+0900 [DEBUG] [org.gradle.internal.remote.internal.inet.InetAddresses] Adding IP addresses for network interface Intel(R) Wi-Fi 7 BE201 320MHz #4
2026-05-06T14:11:21.039+0900 [DEBUG] [org.gradle.internal.remote.internal.inet.InetAddresses] Is this a loopback interface? false
2026-05-06T14:11:21.041+0900 [DEBUG] [org.gradle.internal.remote.internal.inet.InetAddresses] Adding IP addresses for network interface WAN Miniport (L2TP)
2026-05-06T14:11:21.050+0900 [DEBUG] [org.gradle.internal.remote.internal.inet.InetAddresses] Is this a loopback interface? false
2026-05-06T14:11:21.051+0900 [DEBUG] [org.gradle.internal.remote.internal.inet.InetAddresses] Adding IP addresses for network interface WAN Miniport (Network Monitor)
2026-05-06T14:11:21.055+0900 [DEBUG] [org.gradle.internal.remote.internal.inet.InetAddresses] Is this a loopback interface? false
2026-05-06T14:11:21.055+0900 [DEBUG] [org.gradle.internal.remote.internal.inet.InetAddresses] Adding IP addresses for network interface VirtualBox Host-Only Ethernet Adapter
2026-05-06T14:11:21.061+0900 [DEBUG] [org.gradle.internal.remote.internal.inet.InetAddresses] Is this a loopback interface? false
2026-05-06T14:11:21.061+0900 [DEBUG] [org.gradle.internal.remote.internal.inet.InetAddresses] Adding remote address /192.168.56.1
2026-05-06T14:11:21.062+0900 [DEBUG] [org.gradle.internal.remote.internal.inet.InetAddresses] Adding remote address /fe80:0:0:0:a865:1ad4:65f2:8569%eth3
2026-05-06T14:11:21.062+0900 [DEBUG] [org.gradle.internal.remote.internal.inet.InetAddresses] Adding IP addresses for network interface WAN Miniport (IPv6)
2026-05-06T14:11:21.068+0900 [DEBUG] [org.gradle.internal.remote.internal.inet.InetAddresses] Is this a loopback interface? false
2026-05-06T14:11:21.069+0900 [DEBUG] [org.gradle.internal.remote.internal.inet.InetAddresses] Adding IP addresses for network interface Bluetooth Device (Personal Area Network)
2026-05-06T14:11:21.075+0900 [DEBUG] [org.gradle.internal.remote.internal.inet.InetAddresses] Is this a loopback interface? false
2026-05-06T14:11:21.076+0900 [DEBUG] [org.gradle.internal.remote.internal.inet.InetAddresses] Adding IP addresses for network interface WAN Miniport (PPPOE)
2026-05-06T14:11:21.081+0900 [DEBUG] [org.gradle.internal.remote.internal.inet.InetAddresses] Is this a loopback interface? false
2026-05-06T14:11:21.082+0900 [DEBUG] [org.gradle.internal.remote.internal.inet.InetAddresses] Adding IP addresses for network interface VirtualBox Host-Only Ethernet Adapter-WFP Native MAC Layer LightWeight Filter-0000
2026-05-06T14:11:21.086+0900 [DEBUG] [org.gradle.internal.remote.internal.inet.InetAddresses] Is this a loopback interface? false
2026-05-06T14:11:21.087+0900 [DEBUG] [org.gradle.internal.remote.internal.inet.InetAddresses] Adding IP addresses for network interface VirtualBox Host-Only Ethernet Adapter-QoS Packet Scheduler-0000
2026-05-06T14:11:21.092+0900 [DEBUG] [org.gradle.internal.remote.internal.inet.InetAddresses] Is this a loopback interface? false
2026-05-06T14:11:21.092+0900 [DEBUG] [org.gradle.internal.remote.internal.inet.InetAddresses] Adding IP addresses for network interface VirtualBox Host-Only Ethernet Adapter-WFP 802.3 MAC Layer LightWeight Filter-0000
2026-05-06T14:11:21.097+0900 [DEBUG] [org.gradle.internal.remote.internal.inet.InetAddresses] Is this a loopback interface? false
2026-05-06T14:11:21.097+0900 [DEBUG] [org.gradle.internal.remote.internal.inet.InetAddresses] Adding IP addresses for network interface Intel(R) Wi-Fi 7 BE201 320MHz-WFP Native MAC Layer LightWeight Filter-0000
2026-05-06T14:11:21.101+0900 [DEBUG] [org.gradle.internal.remote.internal.inet.InetAddresses] Is this a loopback interface? false
2026-05-06T14:11:21.101+0900 [DEBUG] [org.gradle.internal.remote.internal.inet.InetAddresses] Adding IP addresses for network interface Intel(R) Wi-Fi 7 BE201 320MHz-Native WiFi Filter Driver-0000
2026-05-06T14:11:21.105+0900 [DEBUG] [org.gradle.internal.remote.internal.inet.InetAddresses] Is this a loopback interface? false
2026-05-06T14:11:21.106+0900 [DEBUG] [org.gradle.internal.remote.internal.inet.InetAddresses] Adding IP addresses for network interface Intel(R) Wi-Fi 7 BE201 320MHz-VirtualBox NDIS Light-Weight Filter-0000
2026-05-06T14:11:21.111+0900 [DEBUG] [org.gradle.internal.remote.internal.inet.InetAddresses] Is this a loopback interface? false
2026-05-06T14:11:21.112+0900 [DEBUG] [org.gradle.internal.remote.internal.inet.InetAddresses] Adding IP addresses for network interface Intel(R) Wi-Fi 7 BE201 320MHz-QoS Packet Scheduler-0000
2026-05-06T14:11:21.117+0900 [DEBUG] [org.gradle.internal.remote.internal.inet.InetAddresses] Is this a loopback interface? false
2026-05-06T14:11:21.118+0900 [DEBUG] [org.gradle.internal.remote.internal.inet.InetAddresses] Adding IP addresses for network interface Intel(R) Wi-Fi 7 BE201 320MHz-WFP 802.3 MAC Layer LightWeight Filter-0000
2026-05-06T14:11:21.123+0900 [DEBUG] [org.gradle.internal.remote.internal.inet.InetAddresses] Is this a loopback interface? false
2026-05-06T14:11:21.124+0900 [DEBUG] [org.gradle.internal.remote.internal.inet.InetAddresses] Adding IP addresses for network interface Intel(R) Wi-Fi 7 BE201 320MHz #2-WFP Native MAC Layer LightWeight Filter-0000
2026-05-06T14:11:21.128+0900 [DEBUG] [org.gradle.internal.remote.internal.inet.InetAddresses] Is this a loopback interface? false
2026-05-06T14:11:21.129+0900 [DEBUG] [org.gradle.internal.remote.internal.inet.InetAddresses] Adding IP addresses for network interface Intel(R) Wi-Fi 7 BE201 320MHz #2-Native WiFi Filter Driver-0000
2026-05-06T14:11:21.133+0900 [DEBUG] [org.gradle.internal.remote.internal.inet.InetAddresses] Is this a loopback interface? false
2026-05-06T14:11:21.134+0900 [DEBUG] [org.gradle.internal.remote.internal.inet.InetAddresses] Adding IP addresses for network interface Intel(R) Wi-Fi 7 BE201 320MHz #2-VirtualBox NDIS Light-Weight Filter-0000
2026-05-06T14:11:21.139+0900 [DEBUG] [org.gradle.internal.remote.internal.inet.InetAddresses] Is this a loopback interface? false
2026-05-06T14:11:21.140+0900 [DEBUG] [org.gradle.internal.remote.internal.inet.InetAddresses] Adding IP addresses for network interface Intel(R) Wi-Fi 7 BE201 320MHz #2-QoS Packet Scheduler-0000
2026-05-06T14:11:21.144+0900 [DEBUG] [org.gradle.internal.remote.internal.inet.InetAddresses] Is this a loopback interface? false
2026-05-06T14:11:21.145+0900 [DEBUG] [org.gradle.internal.remote.internal.inet.InetAddresses] Adding IP addresses for network interface Intel(R) Wi-Fi 7 BE201 320MHz #2-WFP 802.3 MAC Layer LightWeight Filter-0000
2026-05-06T14:11:21.151+0900 [DEBUG] [org.gradle.internal.remote.internal.inet.InetAddresses] Is this a loopback interface? false
2026-05-06T14:11:21.151+0900 [DEBUG] [org.gradle.internal.remote.internal.inet.InetAddresses] Adding IP addresses for network interface Intel(R) Wi-Fi 7 BE201 320MHz #5-WFP Native MAC Layer LightWeight Filter-0000
2026-05-06T14:11:21.157+0900 [DEBUG] [org.gradle.internal.remote.internal.inet.InetAddresses] Is this a loopback interface? false
2026-05-06T14:11:21.157+0900 [DEBUG] [org.gradle.internal.remote.internal.inet.InetAddresses] Adding IP addresses for network interface Intel(R) Wi-Fi 7 BE201 320MHz #5-Native WiFi Filter Driver-0000
2026-05-06T14:11:21.161+0900 [DEBUG] [org.gradle.internal.remote.internal.inet.InetAddresses] Is this a loopback interface? false
2026-05-06T14:11:21.162+0900 [DEBUG] [org.gradle.internal.remote.internal.inet.InetAddresses] Adding IP addresses for network interface Intel(R) Wi-Fi 7 BE201 320MHz #5-VirtualBox NDIS Light-Weight Filter-0000
2026-05-06T14:11:21.166+0900 [DEBUG] [org.gradle.internal.remote.internal.inet.InetAddresses] Is this a loopback interface? false
2026-05-06T14:11:21.167+0900 [DEBUG] [org.gradle.internal.remote.internal.inet.InetAddresses] Adding IP addresses for network interface Intel(R) Wi-Fi 7 BE201 320MHz #5-QoS Packet Scheduler-0000
2026-05-06T14:11:21.171+0900 [DEBUG] [org.gradle.internal.remote.internal.inet.InetAddresses] Is this a loopback interface? false
2026-05-06T14:11:21.171+0900 [DEBUG] [org.gradle.internal.remote.internal.inet.InetAddresses] Adding IP addresses for network interface Intel(R) Wi-Fi 7 BE201 320MHz #5-WFP 802.3 MAC Layer LightWeight Filter-0000
2026-05-06T14:11:21.175+0900 [DEBUG] [org.gradle.internal.remote.internal.inet.InetAddresses] Is this a loopback interface? false
2026-05-06T14:11:21.175+0900 [DEBUG] [org.gradle.internal.remote.internal.inet.InetAddresses] Adding IP addresses for network interface WAN Miniport (IP)-WFP Native MAC Layer LightWeight Filter-0000
2026-05-06T14:11:21.178+0900 [DEBUG] [org.gradle.internal.remote.internal.inet.InetAddresses] Is this a loopback interface? false
2026-05-06T14:11:21.179+0900 [DEBUG] [org.gradle.internal.remote.internal.inet.InetAddresses] Adding IP addresses for network interface WAN Miniport (IP)-QoS Packet Scheduler-0000
2026-05-06T14:11:21.182+0900 [DEBUG] [org.gradle.internal.remote.internal.inet.InetAddresses] Is this a loopback interface? false
2026-05-06T14:11:21.183+0900 [DEBUG] [org.gradle.internal.remote.internal.inet.InetAddresses] Adding IP addresses for network interface WAN Miniport (IPv6)-WFP Native MAC Layer LightWeight Filter-0000
2026-05-06T14:11:21.187+0900 [DEBUG] [org.gradle.internal.remote.internal.inet.InetAddresses] Is this a loopback interface? false
2026-05-06T14:11:21.187+0900 [DEBUG] [org.gradle.internal.remote.internal.inet.InetAddresses] Adding IP addresses for network interface WAN Miniport (IPv6)-QoS Packet Scheduler-0000
2026-05-06T14:11:21.191+0900 [DEBUG] [org.gradle.internal.remote.internal.inet.InetAddresses] Is this a loopback interface? false
2026-05-06T14:11:21.191+0900 [DEBUG] [org.gradle.internal.remote.internal.inet.InetAddresses] Adding IP addresses for network interface WAN Miniport (Network Monitor)-WFP Native MAC Layer LightWeight Filter-0000
2026-05-06T14:11:21.194+0900 [DEBUG] [org.gradle.internal.remote.internal.inet.InetAddresses] Is this a loopback interface? false
2026-05-06T14:11:21.194+0900 [DEBUG] [org.gradle.internal.remote.internal.inet.InetAddresses] Adding IP addresses for network interface WAN Miniport (Network Monitor)-QoS Packet Scheduler-0000
2026-05-06T14:11:21.199+0900 [DEBUG] [org.gradle.internal.remote.internal.inet.InetAddresses] Is this a loopback interface? false
2026-05-06T14:11:21.271+0900 [INFO] [org.gradle.launcher.daemon.server.Daemon] start() called on daemon - DefaultDaemonContext[uid=dd4ae5cc-abf4-4224-a2b3-ed55e85e3114,javaHome=C:\Program Files\Java\jdk-17,javaVersion=17,javaVendor=Oracle Corporation,daemonRegistryDir=C:\Users\mrhan\Desktop\Spring\UMC\UMC_study\.gradle-user-2\daemon,pid=23344,idleTimeout=10800000,priority=NORMAL,applyInstrumentationAgent=true,nativeServicesMode=ENABLED,daemonOpts=-XX:MaxMetaspaceSize=384m,-XX:+HeapDumpOnOutOfMemoryError,-Xms256m,-Xmx512m,-Dfile.encoding=x-windows-949,-Duser.country=KR,-Duser.language=ko,-Duser.variant]
2026-05-06T14:11:21.414+0900 [DEBUG] [org.gradle.internal.remote.internal.inet.TcpIncomingConnector] Listening on [8b755c4e-18ca-488d-bd73-cfa7607b0141 port:52316, addresses:[localhost/127.0.0.1]].
2026-05-06T14:11:21.438+0900 [DEBUG] [org.gradle.launcher.daemon.server.Daemon] Daemon starting at: Wed May 06 14:11:21 KST 2026, with address: [8b755c4e-18ca-488d-bd73-cfa7607b0141 port:52316, addresses:[localhost/127.0.0.1]]
2026-05-06T14:11:21.438+0900 [INFO] [org.gradle.launcher.daemon.server.DaemonRegistryUpdater] Advertising the daemon address to the clients: [8b755c4e-18ca-488d-bd73-cfa7607b0141 port:52316, addresses:[localhost/127.0.0.1]]
2026-05-06T14:11:21.439+0900 [DEBUG] [org.gradle.launcher.daemon.server.DaemonRegistryUpdater] Advertised daemon context: DefaultDaemonContext[uid=dd4ae5cc-abf4-4224-a2b3-ed55e85e3114,javaHome=C:\Program Files\Java\jdk-17,javaVersion=17,javaVendor=Oracle Corporation,daemonRegistryDir=C:\Users\mrhan\Desktop\Spring\UMC\UMC_study\.gradle-user-2\daemon,pid=23344,idleTimeout=10800000,priority=NORMAL,applyInstrumentationAgent=true,nativeServicesMode=ENABLED,daemonOpts=-XX:MaxMetaspaceSize=384m,-XX:+HeapDumpOnOutOfMemoryError,-Xms256m,-Xmx512m,-Dfile.encoding=x-windows-949,-Duser.country=KR,-Duser.language=ko,-Duser.variant]
2026-05-06T14:11:21.443+0900 [DEBUG] [org.gradle.launcher.daemon.registry.PersistentDaemonRegistry] Storing daemon address: [8b755c4e-18ca-488d-bd73-cfa7607b0141 port:52316, addresses:[localhost/127.0.0.1]], context: DefaultDaemonContext[uid=dd4ae5cc-abf4-4224-a2b3-ed55e85e3114,javaHome=C:\Program Files\Java\jdk-17,javaVersion=17,javaVendor=Oracle Corporation,daemonRegistryDir=C:\Users\mrhan\Desktop\Spring\UMC\UMC_study\.gradle-user-2\daemon,pid=23344,idleTimeout=10800000,priority=NORMAL,applyInstrumentationAgent=true,nativeServicesMode=ENABLED,daemonOpts=-XX:MaxMetaspaceSize=384m,-XX:+HeapDumpOnOutOfMemoryError,-Xms256m,-Xmx512m,-Dfile.encoding=x-windows-949,-Duser.country=KR,-Duser.language=ko,-Duser.variant]
2026-05-06T14:11:21.460+0900 [DEBUG] [org.gradle.cache.internal.DefaultFileLockManager] Waiting to acquire exclusive lock on daemon addresses registry.
2026-05-06T14:11:21.466+0900 [DEBUG] [org.gradle.cache.internal.DefaultFileLockManager] Lock acquired on daemon addresses registry.
2026-05-06T14:11:21.475+0900 [DEBUG] [org.gradle.cache.internal.DefaultFileLockManager] Releasing lock on daemon addresses registry.
2026-05-06T14:11:21.476+0900 [LIFECYCLE] [org.gradle.launcher.daemon.server.Daemon] Daemon server started.
2026-05-06T14:11:21.479+0900 [DEBUG] [org.gradle.launcher.daemon.bootstrap.DaemonStartupCommunication] Completed writing the daemon greeting. Closing streams...
2026-05-06T14:11:21.497+0900 [DEBUG] [org.gradle.launcher.daemon.server.Daemon] stopOnExpiration() called on daemon
2026-05-06T14:11:21.501+0900 [DEBUG] [org.gradle.launcher.daemon.server.Daemon] awaitExpiration() called on daemon
2026-05-06T14:11:21.502+0900 [DEBUG] [org.gradle.launcher.daemon.server.DaemonStateCoordinator] daemon is running. Sleeping until state changes.
2026-05-06T14:11:21.517+0900 [DEBUG] [org.gradle.internal.remote.internal.inet.TcpIncomingConnector] Accepted connection from /127.0.0.1:52317 to /127.0.0.1:52316.
2026-05-06T14:11:21.623+0900 [DEBUG] [org.gradle.launcher.daemon.server.SynchronizedDispatchConnection] thread 22: received class org.gradle.launcher.daemon.protocol.Build
2026-05-06T14:11:21.624+0900 [DEBUG] [org.gradle.launcher.daemon.server.DefaultDaemonConnection] thread 22: Received non-IO message from client: Build{id=6064169d-f6e4-400f-8514-131284bac46d, currentDir=C:\Users\mrhan\Desktop\Spring\UMC\UMC_study}
2026-05-06T14:11:21.624+0900 [INFO] [org.gradle.launcher.daemon.server.DefaultIncomingConnectionHandler] Received command: Build{id=6064169d-f6e4-400f-8514-131284bac46d, currentDir=C:\Users\mrhan\Desktop\Spring\UMC\UMC_study}.
2026-05-06T14:11:21.625+0900 [DEBUG] [org.gradle.launcher.daemon.server.DefaultIncomingConnectionHandler] Starting executing command: Build{id=6064169d-f6e4-400f-8514-131284bac46d, currentDir=C:\Users\mrhan\Desktop\Spring\UMC\UMC_study} with connection: socket connection from /127.0.0.1:52316 to /127.0.0.1:52317.
2026-05-06T14:11:21.630+0900 [DEBUG] [org.gradle.launcher.daemon.server.DaemonStateCoordinator] Command execution: started DaemonCommandExecution[command = Build{id=6064169d-f6e4-400f-8514-131284bac46d, currentDir=C:\Users\mrhan\Desktop\Spring\UMC\UMC_study}, connection = DefaultDaemonConnection: socket connection from /127.0.0.1:52316 to /127.0.0.1:52317] after 0.0037500000000000003 minutes of idle
2026-05-06T14:11:21.631+0900 [INFO] [org.gradle.launcher.daemon.server.DaemonRegistryUpdater] Marking the daemon as busy, address: [8b755c4e-18ca-488d-bd73-cfa7607b0141 port:52316, addresses:[localhost/127.0.0.1]]
2026-05-06T14:11:21.631+0900 [DEBUG] [org.gradle.launcher.daemon.registry.PersistentDaemonRegistry] Marking busy by address: [8b755c4e-18ca-488d-bd73-cfa7607b0141 port:52316, addresses:[localhost/127.0.0.1]]
2026-05-06T14:11:21.634+0900 [DEBUG] [org.gradle.cache.internal.DefaultFileLockManager] Waiting to acquire exclusive lock on daemon addresses registry.
2026-05-06T14:11:21.635+0900 [DEBUG] [org.gradle.cache.internal.DefaultFileLockManager] Lock acquired on daemon addresses registry.
2026-05-06T14:11:21.638+0900 [DEBUG] [org.gradle.cache.internal.DefaultFileLockManager] Releasing lock on daemon addresses registry.
2026-05-06T14:11:21.639+0900 [DEBUG] [org.gradle.launcher.daemon.server.DaemonStateCoordinator] resetting idle timer
2026-05-06T14:11:21.639+0900 [DEBUG] [org.gradle.launcher.daemon.server.DaemonStateCoordinator] daemon is running. Sleeping until state changes.
2026-05-06T14:11:21.641+0900 [INFO] [org.gradle.launcher.daemon.server.exec.StartBuildOrRespondWithBusy] Daemon is about to start building Build{id=6064169d-f6e4-400f-8514-131284bac46d, currentDir=C:\Users\mrhan\Desktop\Spring\UMC\UMC_study}. Dispatching build started information...
2026-05-06T14:11:21.642+0900 [DEBUG] [org.gradle.launcher.daemon.server.SynchronizedDispatchConnection] thread 24: dispatching org.gradle.launcher.daemon.protocol.BuildStarted@5e8804f4
2026-05-06T14:11:21.645+0900 [DEBUG] [org.gradle.launcher.daemon.server.exec.EstablishBuildEnvironment] Configuring env variables: [USERDOMAIN_ROAMINGPROFILE, PROCESSOR_LEVEL, ALLUSERSPROFILE, CODEX_SHELL, PROCESSOR_ARCHITECTURE, PSModulePath, SystemDrive, =ExitCode, DIRNAME, USERNAME, ProgramFiles(x86), CODEX_INTERNAL_ORIGINATOR_OVERRIDE, APP_HOME, CODEX_SANDBOX_NETWORK_DISABLED, DEFAULT_JVM_OPTS, PATHEXT, SHELL, DriverData, OneDriveConsumer, LOG_FORMAT, ProgramData, ProgramW6432, HOMEPATH, PROCESSOR_IDENTIFIER, ProgramFiles, PUBLIC, ZSH_TMUX_AUTOSTARTED, windir, ZES_ENABLE_SYSMAN, LOCALAPPDATA, IntelliJ IDEA, USERDOMAIN, LOGONSERVER, PROMPT, RUST_LOG, OneDrive, =C:, APPDATA, GRADLE_USER_HOME, JAVA_EXE, CODEX_THREAD_ID, VBOX_MSI_INSTALL_PATH, CommonProgramFiles, Path, DISABLE_AUTO_UPDATE, OS, COMPUTERNAME, PROCESSOR_REVISION, CommonProgramW6432, ComSpec, APP_BASE_NAME, ZSH_TMUX_AUTOSTART, SystemRoot, TEMP, HOMEDRIVE, USERPROFILE, TMP, CommonProgramFiles(x86), NUMBER_OF_PROCESSORS]
2026-05-06T14:11:21.654+0900 [DEBUG] [org.gradle.launcher.daemon.server.exec.LogToClient] About to start relaying all logs to the client via the connection.
2026-05-06T14:11:21.655+0900 [INFO] [org.gradle.launcher.daemon.server.exec.LogToClient] The client will now receive all logging from the daemon (pid: 23344). The daemon log file: C:\Users\mrhan\Desktop\Spring\UMC\UMC_study\.gradle-user-2\daemon\9.4.1\daemon-23344.out.log
2026-05-06T14:11:21.657+0900 [INFO] [org.gradle.launcher.daemon.server.exec.LogAndCheckHealth] Starting build in new daemon [memory: 512 MiB]
2026-05-06T14:11:21.667+0900 [DEBUG] [org.gradle.launcher.daemon.server.exec.ExecuteBuild] The daemon has started executing the build.
2026-05-06T14:11:21.667+0900 [DEBUG] [org.gradle.launcher.daemon.server.exec.ExecuteBuild] Executing build with daemon context: DefaultDaemonContext[uid=dd4ae5cc-abf4-4224-a2b3-ed55e85e3114,javaHome=C:\Program Files\Java\jdk-17,javaVersion=17,javaVendor=Oracle Corporation,daemonRegistryDir=C:\Users\mrhan\Desktop\Spring\UMC\UMC_study\.gradle-user-2\daemon,pid=23344,idleTimeout=10800000,priority=NORMAL,applyInstrumentationAgent=true,nativeServicesMode=ENABLED,daemonOpts=-XX:MaxMetaspaceSize=384m,-XX:+HeapDumpOnOutOfMemoryError,-Xms256m,-Xmx512m,-Dfile.encoding=x-windows-949,-Duser.country=KR,-Duser.language=ko,-Duser.variant]
thread 22: client disconnection detected, canceling the build

FAILURE: Build failed with an exception.

* What went wrong:
A problem occurred configuring root project 'UMC_study'.
> Multiple build operations failed.
      Could not isolate parameters org.gradle.api.internal.initialization.transform.MergeInstrumentationAnalysisTransform$Parameters_Decorated@2de29993 of artifact transform MergeInstrumentationAnalysisTransform
      Could not isolate parameters org.gradle.api.internal.initialization.transform.MergeInstrumentationAnalysisTransform$Parameters_Decorated@2de29993 of artifact transform MergeInstrumentationAnalysisTransform
      Could not isolate parameters org.gradle.api.internal.initialization.transform.MergeInstrumentationAnalysisTransform$Parameters_Decorated@2de29993 of artifact transform MergeInstrumentationAnalysisTransform
      Could not isolate parameters org.gradle.api.internal.initialization.transform.MergeInstrumentationAnalysisTransform$Parameters_Decorated@2de29993 of artifact transform MergeInstrumentationAnalysisTransform
      Could not isolate parameters org.gradle.api.internal.initialization.transform.MergeInstrumentationAnalysisTransform$Parameters_Decorated@2de29993 of artifact transform MergeInstrumentationAnalysisTransform
      Could not isolate parameters org.gradle.api.internal.initialization.transform.MergeInstrumentationAnalysisTransform$Parameters_Decorated@2de29993 of artifact transform MergeInstrumentationAnalysisTransform
      Could not isolate parameters org.gradle.api.internal.initialization.transform.MergeInstrumentationAnalysisTransform$Parameters_Decorated@2de29993 of artifact transform MergeInstrumentationAnalysisTransform
      Could not isolate parameters org.gradle.api.internal.initialization.transform.MergeInstrumentationAnalysisTransform$Parameters_Decorated@2de29993 of artifact transform MergeInstrumentationAnalysisTransform
      Could not isolate parameters org.gradle.api.internal.initialization.transform.MergeInstrumentationAnalysisTransform$Parameters_Decorated@2de29993 of artifact transform MergeInstrumentationAnalysisTransform
      Could not isolate parameters org.gradle.api.internal.initialization.transform.MergeInstrumentationAnalysisTransform$Parameters_Decorated@2de29993 of artifact transform MergeInstrumentationAnalysisTransform
      ...and 13 more failures.
   > Could not isolate parameters org.gradle.api.internal.initialization.transform.MergeInstrumentationAnalysisTransform$Parameters_Decorated@2de29993 of artifact transform MergeInstrumentationAnalysisTransform
      > Could not isolate value org.gradle.api.internal.initialization.transform.MergeInstrumentationAnalysisTransform$Parameters_Decorated@2de29993 of type MergeInstrumentationAnalysisTransform.Parameters
         > Multiple build operations failed.
               Build cancelled while executing InstrumentationAnalysisTransform: C:\Users\mrhan\Desktop\Spring\UMC\UMC_study\.gradle-user-2\caches\modules-2\files-2.1\org.slf4j\slf4j-api\1.7.36\6c62681a2f655b49963a5983b8b0950a6120ae14\slf4j-api-1.7.36.jar
               Build cancelled while executing InstrumentationAnalysisTransform: C:\Users\mrhan\Desktop\Spring\UMC\UMC_study\.gradle-user-2\caches\modules-2\files-2.1\com.fasterxml.jackson.core\jackson-annotations\2.21\b1bc1868bf02dc0bd6c7836257a036a331005309\jackson-annotations-2.21.jar
               Build cancelled while executing InstrumentationAnalysisTransform: C:\Users\mrhan\Desktop\Spring\UMC\UMC_study\.gradle-user-2\caches\modules-2\files-2.1\com.google.code.findbugs\jsr305\3.0.2\25ea2e8b0c338a877313bd4672d3fe056ea78f0d\jsr305-3.0.2.jar
               Build cancelled while executing InstrumentationAnalysisTransform: C:\Users\mrhan\Desktop\Spring\UMC\UMC_study\.gradle-user-2\caches\modules-2\files-2.1\org.antlr\antlr4-runtime\4.7.2\e27d8ab4f984f9d186f54da984a6ab1cccac755e\antlr4-runtime-4.7.2.jar
               Build cancelled while executing InstrumentationAnalysisTransform: C:\Users\mrhan\Desktop\Spring\UMC\UMC_study\.gradle-user-2\caches\modules-2\files-2.1\org.apache.httpcomponents.core5\httpcore5\5.3.6\2c7f0d11747f9485a02c9f622c0f0477d7ce8677\httpcore5-5.3.6.jar
            > Build cancelled while executing InstrumentationAnalysisTransform: C:\Users\mrhan\Desktop\Spring\UMC\UMC_study\.gradle-user-2\caches\modules-2\files-2.1\org.slf4j\slf4j-api\1.7.36\6c62681a2f655b49963a5983b8b0950a6120ae14\slf4j-api-1.7.36.jar
            > Build cancelled while executing InstrumentationAnalysisTransform: C:\Users\mrhan\Desktop\Spring\UMC\UMC_study\.gradle-user-2\caches\modules-2\files-2.1\com.fasterxml.jackson.core\jackson-annotations\2.21\b1bc1868bf02dc0bd6c7836257a036a331005309\jackson-annotations-2.21.jar
            > Build cancelled while executing InstrumentationAnalysisTransform: C:\Users\mrhan\Desktop\Spring\UMC\UMC_study\.gradle-user-2\caches\modules-2\files-2.1\com.google.code.findbugs\jsr305\3.0.2\25ea2e8b0c338a877313bd4672d3fe056ea78f0d\jsr305-3.0.2.jar
            > Build cancelled while executing InstrumentationAnalysisTransform: C:\Users\mrhan\Desktop\Spring\UMC\UMC_study\.gradle-user-2\caches\modules-2\files-2.1\org.antlr\antlr4-runtime\4.7.2\e27d8ab4f984f9d186f54da984a6ab1cccac755e\antlr4-runtime-4.7.2.jar
            > Build cancelled while executing InstrumentationAnalysisTransform: C:\Users\mrhan\Desktop\Spring\UMC\UMC_study\.gradle-user-2\caches\modules-2\files-2.1\org.apache.httpcomponents.core5\httpcore5\5.3.6\2c7f0d11747f9485a02c9f622c0f0477d7ce8677\httpcore5-5.3.6.jar
   > Build cancelled while executing InstrumentationAnalysisTransform: C:\Users\mrhan\Desktop\Spring\UMC\UMC_study\.gradle-user-2\caches\modules-2\files-2.1\com.google.code.findbugs\jsr305\3.0.2\25ea2e8b0c338a877313bd4672d3fe056ea78f0d\jsr305-3.0.2.jar
   > Build cancelled while executing InstrumentationAnalysisTransform: C:\Users\mrhan\Desktop\Spring\UMC\UMC_study\.gradle-user-2\caches\modules-2\files-2.1\org.slf4j\slf4j-api\1.7.36\6c62681a2f655b49963a5983b8b0950a6120ae14\slf4j-api-1.7.36.jar
   > Build cancelled while executing InstrumentationAnalysisTransform: C:\Users\mrhan\Desktop\Spring\UMC\UMC_study\.gradle-user-2\caches\modules-2\files-2.1\org.antlr\antlr4-runtime\4.7.2\e27d8ab4f984f9d186f54da984a6ab1cccac755e\antlr4-runtime-4.7.2.jar
   > Build cancelled while executing InstrumentationAnalysisTransform: C:\Users\mrhan\Desktop\Spring\UMC\UMC_study\.gradle-user-2\caches\modules-2\files-2.1\com.fasterxml.jackson.core\jackson-annotations\2.21\b1bc1868bf02dc0bd6c7836257a036a331005309\jackson-annotations-2.21.jar
   > Build cancelled while executing InstrumentationAnalysisTransform: C:\Users\mrhan\Desktop\Spring\UMC\UMC_study\.gradle-user-2\caches\modules-2\files-2.1\org.apache.httpcomponents.core5\httpcore5\5.3.6\2c7f0d11747f9485a02c9f622c0f0477d7ce8677\httpcore5-5.3.6.jar
> There are 85 more failures with identical causes.

* Try:
> Run the 'artifactTransforms' report task to view details about registered transforms.
> Review the documentation on Artifact Transforms at https://docs.gradle.org/9.4.1/userguide/artifact_transforms.html.
> Run with --stacktrace option to get the stack trace.
> Run with --info or --debug option to get more log output.
> Run with --scan to get full insights from a Build Scan (powered by Develocity).
> Get more help at https://help.gradle.org.

BUILD FAILED in 15m 49s
2026-05-06T14:11:58.182+0900 [DEBUG] [org.gradle.launcher.daemon.server.exec.ExecuteBuild] The daemon has finished executing the build.
2026-05-06T14:11:58.188+0900 [DEBUG] [org.gradle.launcher.daemon.server.DaemonStateCoordinator] Cancel: daemon is busy, sleeping until state changes.
2026-05-06T14:11:58.188+0900 [DEBUG] [org.gradle.launcher.daemon.server.DaemonStateCoordinator] Command execution: finished waiting for DaemonCommandExecution[command = Build{id=6064169d-f6e4-400f-8514-131284bac46d, currentDir=C:\Users\mrhan\Desktop\Spring\UMC\UMC_study}, connection = DefaultDaemonConnection: socket connection from /127.0.0.1:52316 to /127.0.0.1:52317]. Result org.gradle.launcher.daemon.server.DaemonStateCoordinator@12982f9 with state Canceled
2026-05-06T14:11:58.188+0900 [DEBUG] [org.gradle.launcher.daemon.server.DaemonStateCoordinator] Command execution: completed DaemonCommandExecution[command = Build{id=6064169d-f6e4-400f-8514-131284bac46d, currentDir=C:\Users\mrhan\Desktop\Spring\UMC\UMC_study}, connection = DefaultDaemonConnection: socket connection from /127.0.0.1:52316 to /127.0.0.1:52317]
2026-05-06T14:11:58.189+0900 [DEBUG] [org.gradle.launcher.daemon.server.DaemonStateCoordinator] resetting idle timer
2026-05-06T14:11:58.189+0900 [INFO] [org.gradle.launcher.daemon.server.DaemonRegistryUpdater] Marking the daemon as idle, address: [8b755c4e-18ca-488d-bd73-cfa7607b0141 port:52316, addresses:[localhost/127.0.0.1]]
2026-05-06T14:11:58.189+0900 [DEBUG] [org.gradle.launcher.daemon.registry.PersistentDaemonRegistry] Marking busy by address: [8b755c4e-18ca-488d-bd73-cfa7607b0141 port:52316, addresses:[localhost/127.0.0.1]]
2026-05-06T14:11:58.190+0900 [DEBUG] [org.gradle.cache.internal.DefaultFileLockManager] Waiting to acquire exclusive lock on daemon addresses registry.
2026-05-06T14:11:58.192+0900 [DEBUG] [org.gradle.cache.internal.DefaultFileLockManager] Lock acquired on daemon addresses registry.
2026-05-06T14:11:58.195+0900 [DEBUG] [org.gradle.cache.internal.DefaultFileLockManager] Releasing lock on daemon addresses registry.
2026-05-06T14:11:58.196+0900 [DEBUG] [org.gradle.launcher.daemon.server.DaemonStateCoordinator] Cancel: daemon is idle now.
2026-05-06T14:11:58.196+0900 [DEBUG] [org.gradle.launcher.daemon.server.DaemonStateCoordinator] daemon is running. Sleeping until state changes.
2026-05-06T14:11:58.196+0900 [DEBUG] [org.gradle.launcher.daemon.server.exec.ReturnResult] Daemon is dispatching the build result: Success[value=org.gradle.launcher.exec.BuildActionResult@16008e0d]
2026-05-06T14:11:58.197+0900 [DEBUG] [org.gradle.launcher.daemon.server.SynchronizedDispatchConnection] thread 21: dispatching Success[value=org.gradle.launcher.exec.BuildActionResult@16008e0d]
2026-05-06T14:11:58.219+0900 [WARN] [org.gradle.launcher.daemon.server.DefaultIncomingConnectionHandler] Unable to execute command Build{id=6064169d-f6e4-400f-8514-131284bac46d, currentDir=C:\Users\mrhan\Desktop\Spring\UMC\UMC_study} from socket connection from /127.0.0.1:52316 to /127.0.0.1:52317. Dispatching the failure to the daemon client
org.gradle.internal.remote.internal.MessageIOException: Could not write message Success[value=org.gradle.launcher.exec.BuildActionResult@16008e0d] to '/127.0.0.1:52317'.
	at org.gradle.internal.remote.internal.inet.SocketConnection.dispatch(SocketConnection.java:132)
	at org.gradle.launcher.daemon.server.SynchronizedDispatchConnection.dispatchAndFlush(SynchronizedDispatchConnection.java:56)
	at org.gradle.launcher.daemon.server.DefaultDaemonConnection.completed(DefaultDaemonConnection.java:150)
	at org.gradle.launcher.daemon.server.exec.ReturnResult.execute(ReturnResult.java:41)
	at org.gradle.launcher.daemon.server.api.DaemonCommandExecution.proceed(DaemonCommandExecution.java:104)
	at org.gradle.launcher.daemon.server.exec.CleanUpVirtualFileSystemAfterBuild.doBuild(CleanUpVirtualFileSystemAfterBuild.java:58)
	at org.gradle.launcher.daemon.server.exec.BuildCommandOnly.execute(BuildCommandOnly.java:37)
	at org.gradle.launcher.daemon.server.api.DaemonCommandExecution.proceed(DaemonCommandExecution.java:104)
	at org.gradle.launcher.daemon.server.api.HandleReportStatus.execute(HandleReportStatus.java:35)
	at org.gradle.launcher.daemon.server.api.DaemonCommandExecution.proceed(DaemonCommandExecution.java:104)
	at org.gradle.launcher.daemon.server.exec.HandleCancel.execute(HandleCancel.java:39)
	at org.gradle.launcher.daemon.server.api.DaemonCommandExecution.proceed(DaemonCommandExecution.java:104)
	at org.gradle.launcher.daemon.server.api.HandleInvalidateVirtualFileSystem.execute(HandleInvalidateVirtualFileSystem.java:46)
	at org.gradle.launcher.daemon.server.api.DaemonCommandExecution.proceed(DaemonCommandExecution.java:104)
	at org.gradle.launcher.daemon.server.api.HandleStop.execute(HandleStop.java:46)
	at org.gradle.launcher.daemon.server.api.DaemonCommandExecution.proceed(DaemonCommandExecution.java:104)
	at org.gradle.launcher.daemon.server.exec.DaemonCommandExecuter.executeCommand(DaemonCommandExecuter.java:55)
	at org.gradle.launcher.daemon.server.DefaultIncomingConnectionHandler$ConnectionWorker.handleCommand(DefaultIncomingConnectionHandler.java:161)
	at org.gradle.launcher.daemon.server.DefaultIncomingConnectionHandler$ConnectionWorker.receiveAndHandleCommand(DefaultIncomingConnectionHandler.java:134)
	at org.gradle.launcher.daemon.server.DefaultIncomingConnectionHandler$ConnectionWorker.run(DefaultIncomingConnectionHandler.java:122)
	at org.gradle.internal.concurrent.ExecutorPolicy$CatchAndRecordFailures.onExecute(ExecutorPolicy.java:64)
	at org.gradle.internal.concurrent.AbstractManagedExecutor$1.run(AbstractManagedExecutor.java:47)
	at java.base/java.util.concurrent.ThreadPoolExecutor.runWorker(ThreadPoolExecutor.java:1136)
	at java.base/java.util.concurrent.ThreadPoolExecutor$Worker.run(ThreadPoolExecutor.java:635)
	at java.base/java.lang.Thread.run(Thread.java:842)
Caused by: com.esotericsoftware.kryo.KryoException: java.io.IOException: Connection reset by peer
	at com.esotericsoftware.kryo.io.Output.flush(Output.java:165)
	at com.esotericsoftware.kryo.io.Output.require(Output.java:142)
	at com.esotericsoftware.kryo.io.Output.writeBytes(Output.java:228)
	at org.gradle.internal.serialize.kryo.KryoBackedEncoder.writeBytes(KryoBackedEncoder.java:49)
	at org.gradle.internal.serialize.AbstractEncoder$EncoderStream.write(AbstractEncoder.java:94)
	at java.base/java.io.ObjectOutputStream$BlockDataOutputStream.drain(ObjectOutputStream.java:1896)
	at java.base/java.io.ObjectOutputStream$BlockDataOutputStream.setBlockDataMode(ObjectOutputStream.java:1805)
	at java.base/java.io.ObjectOutputStream.writeObject0(ObjectOutputStream.java:1202)
	at java.base/java.io.ObjectOutputStream.writeObject(ObjectOutputStream.java:354)
	at org.gradle.internal.serialize.DefaultSerializer.write(DefaultSerializer.java:56)
	at org.gradle.tooling.internal.provider.serialization.SerializedPayloadSerializer.write(SerializedPayloadSerializer.java:32)
	at org.gradle.tooling.internal.provider.serialization.SerializedPayloadSerializer.write(SerializedPayloadSerializer.java:27)
	at org.gradle.launcher.daemon.protocol.DaemonMessageSerializer$SuccessSerializer.write(DaemonMessageSerializer.java:149)
	at org.gradle.launcher.daemon.protocol.DaemonMessageSerializer$SuccessSerializer.write(DaemonMessageSerializer.java:125)
	at org.gradle.internal.serialize.DefaultSerializerRegistry$TaggedTypeSerializer.write(DefaultSerializerRegistry.java:171)
	at org.gradle.internal.serialize.Serializers$StatefulSerializerAdapter$2.write(Serializers.java:46)
	at org.gradle.internal.remote.internal.inet.SocketConnection.dispatch(SocketConnection.java:124)
	... 24 more
Caused by: java.io.IOException: Connection reset by peer
	at java.base/sun.nio.ch.SocketDispatcher.write0(Native Method)
	at java.base/sun.nio.ch.SocketDispatcher.write(SocketDispatcher.java:54)
	at java.base/sun.nio.ch.IOUtil.writeFromNativeBuffer(IOUtil.java:132)
	at java.base/sun.nio.ch.IOUtil.write(IOUtil.java:76)
	at java.base/sun.nio.ch.IOUtil.write(IOUtil.java:53)
	at java.base/sun.nio.ch.SocketChannelImpl.write(SocketChannelImpl.java:532)
	at org.gradle.internal.remote.internal.inet.SocketConnection$SocketOutputStream.writeWithNonBlockingRetry(SocketConnection.java:282)
	at org.gradle.internal.remote.internal.inet.SocketConnection$SocketOutputStream.writeBufferToChannel(SocketConnection.java:269)
	at org.gradle.internal.remote.internal.inet.SocketConnection$SocketOutputStream.write(SocketConnection.java:255)
	at com.esotericsoftware.kryo.io.Output.flush(Output.java:163)
	... 40 more
2026-05-06T14:11:58.220+0900 [DEBUG] [org.gradle.launcher.daemon.server.exec.CleanUpVirtualFileSystemAfterBuild] Cleaning virtual file system after build finished
2026-05-06T14:11:58.226+0900 [DEBUG] [org.gradle.launcher.daemon.server.SynchronizedDispatchConnection] thread 21: dispatching Failure[value=org.gradle.internal.remote.internal.MessageIOException: Could not write message Success[value=org.gradle.launcher.exec.BuildActionResult@16008e0d] to '/127.0.0.1:52317'.]
2026-05-06T14:11:58.226+0900 [DEBUG] [org.gradle.launcher.daemon.server.DefaultIncomingConnectionHandler] Finishing executing command: Build{id=6064169d-f6e4-400f-8514-131284bac46d, currentDir=C:\Users\mrhan\Desktop\Spring\UMC\UMC_study}
2026-05-06T14:11:58.226+0900 [DEBUG] [org.gradle.launcher.daemon.server.SynchronizedDispatchConnection] thread 21: stopping connection
2026-05-06T14:11:58.229+0900 [DEBUG] [org.gradle.launcher.daemon.server.SynchronizedDispatchConnection] thread 21: stopping connection
2026-05-06T14:12:01.512+0900 [DEBUG] [org.gradle.launcher.daemon.server.Daemon] Starting periodic daemon health check.
2026-05-06T14:12:01.514+0900 [DEBUG] [org.gradle.cache.internal.DefaultFileLockManager] Waiting to acquire shared lock on daemon addresses registry.
2026-05-06T14:12:01.514+0900 [DEBUG] [org.gradle.cache.internal.DefaultFileLockManager] Lock acquired on daemon addresses registry.
2026-05-06T14:12:01.514+0900 [DEBUG] [org.gradle.cache.internal.DefaultFileLockManager] Releasing lock on daemon addresses registry.
2026-05-06T14:12:01.516+0900 [DEBUG] [org.gradle.cache.internal.DefaultFileLockManager] Waiting to acquire shared lock on daemon addresses registry.
2026-05-06T14:12:01.516+0900 [DEBUG] [org.gradle.cache.internal.DefaultFileLockManager] Lock acquired on daemon addresses registry.
2026-05-06T14:12:01.516+0900 [DEBUG] [org.gradle.cache.internal.DefaultFileLockManager] Releasing lock on daemon addresses registry.
2026-05-06T14:12:01.517+0900 [DEBUG] [org.gradle.launcher.daemon.server.Daemon] Finished periodic daemon health check.
